// Jest Snapshot v1, https://goo.gl/fbAQLP

exports[`Site: Divider Basic Usage 1`] = `
Object {
  "docs": "Dividers are used to define a thematic break in a page.",
  "html": "<hr class=\\"drac-divider\\" />
",
  "react": "<Divider />;
",
  "title": "Usage",
}
`;

exports[`Site: Divider Colors 1`] = `
Object {
  "docs": "Dividers can be customized to use any of the Dracula UI theme colors.",
  "html": "<div class=\\"drac-box\\">
  <div class=\\"drac-box drac-mb-sm\\">
    <hr class=\\"drac-divider drac-border-cyan\\" />
  </div>
  <div class=\\"drac-box drac-mb-sm\\">
    <hr class=\\"drac-divider drac-border-green\\" />
  </div>
  <div class=\\"drac-box drac-mb-sm\\">
    <hr class=\\"drac-divider drac-border-orange\\" />
  </div>
  <div class=\\"drac-box drac-mb-sm\\">
    <hr class=\\"drac-divider drac-border-pink\\" />
  </div>
  <div class=\\"drac-box drac-mb-sm\\">
    <hr class=\\"drac-divider drac-border-purple\\" />
  </div>
  <div class=\\"drac-box drac-mb-sm\\">
    <hr class=\\"drac-divider drac-border-red\\" />
  </div>
  <div class=\\"drac-box drac-mb-sm\\">
    <hr class=\\"drac-divider drac-border-yellow\\" />
  </div>
</div>
",
  "react": "<Box>
  <Box mb=\\"sm\\">
    <Divider color=\\"cyan\\" />
  </Box>
  <Box mb=\\"sm\\">
    <Divider color=\\"green\\" />
  </Box>
  <Box mb=\\"sm\\">
    <Divider color=\\"orange\\" />
  </Box>
  <Box mb=\\"sm\\">
    <Divider color=\\"pink\\" />
  </Box>
  <Box mb=\\"sm\\">
    <Divider color=\\"purple\\" />
  </Box>
  <Box mb=\\"sm\\">
    <Divider color=\\"red\\" />
  </Box>
  <Box mb=\\"sm\\">
    <Divider color=\\"yellow\\" />
  </Box>
</Box>;
",
  "title": "Colors",
}
`;
