// Jest Snapshot v1, https://goo.gl/fbAQLP

exports[`Site: Anchor Basic Usage 1`] = `
Object {
  "docs": "Anchor is an abstraction/style that can/is applied to HTML anchor elements.",
  "html": "<a
  href=\\"#\\"
  class=\\"drac-anchor drac-text drac-text-white drac-text-purple--hover\\"
  >Visit the Dracula Castle</a
>
",
  "react": "<Anchor href=\\"#\\">Visit the Dracula Castle</Anchor>;
",
  "title": "Usage",
}
`;

exports[`Site: Anchor Colors 1`] = `
Object {
  "docs": "Anchors can be customized to use any of the Dracula UI theme colors, including all solid, and gradients.",
  "html": "<div style=\\"display: flex; flex-direction: column\\">
  <a
    href=\\"#\\"
    class=\\"drac-anchor drac-text drac-text-purple drac-text-pink--hover drac-mb-sm\\"
    >purple / pink</a
  ><a
    href=\\"#\\"
    class=\\"drac-anchor drac-text drac-text-cyan-green drac-text-yellow-pink--hover drac-mb-sm\\"
    >cyanGreen / yellowPink</a
  >
</div>
",
  "react": "<div style={{ display: \\"flex\\", flexDirection: \\"column\\" }}>
  <Anchor href=\\"#\\" color=\\"purple\\" hoverColor=\\"pink\\" mb=\\"sm\\">
    purple / pink
  </Anchor>
  <Anchor href=\\"#\\" color=\\"cyanGreen\\" hoverColor=\\"yellowPink\\" mb=\\"sm\\">
    cyanGreen / yellowPink
  </Anchor>
</div>;
",
  "title": "Colors",
}
`;

exports[`Site: Anchor External 1`] = `
Object {
  "docs": "The isExternal prop can be used to apply external link props such as target=\\"_blank\\"",
  "html": "<a
  target=\\"_blank\\"
  rel=\\"noopener noreferrer\\"
  href=\\"https://www.google.com/search?q=count+dracula\\"
  class=\\"drac-anchor drac-text drac-text-white drac-text-purple--hover\\"
  >Find Dracula on Google</a
>
",
  "react": "<Anchor href=\\"https://www.google.com/search?q=count+dracula\\" isExternal={true}>
  Find Dracula on Google
</Anchor>;
",
  "title": "External",
}
`;

exports[`Site: Anchor Sizes 1`] = `
Object {
  "docs": "Anchors can be customize to use several different sizes.",
  "html": "<div style=\\"display: flex; flex-direction: column\\" class=\\"drac-box\\">
  <a
    href=\\"#\\"
    class=\\"drac-anchor drac-text drac-text-xs drac-text-white drac-text-purple--hover drac-mb-sm\\"
    >xs</a
  ><a
    href=\\"#\\"
    class=\\"drac-anchor drac-text drac-text-sm drac-text-white drac-text-purple--hover drac-mb-sm\\"
    >sm</a
  ><a
    href=\\"#\\"
    class=\\"drac-anchor drac-text drac-text-white drac-text-purple--hover drac-mb-sm\\"
    >md</a
  ><a
    href=\\"#\\"
    class=\\"drac-anchor drac-text drac-text-lg drac-text-white drac-text-purple--hover drac-mb-sm\\"
    >lg</a
  >
</div>
",
  "react": "<Box style={{ display: \\"flex\\", flexDirection: \\"column\\" }}>
  <Anchor href=\\"#\\" size=\\"xs\\" mb=\\"sm\\">
    xs
  </Anchor>
  <Anchor href=\\"#\\" size=\\"sm\\" mb=\\"sm\\">
    sm
  </Anchor>
  <Anchor href=\\"#\\" size=\\"md\\" mb=\\"sm\\">
    md
  </Anchor>
  <Anchor href=\\"#\\" size=\\"lg\\" mb=\\"sm\\">
    lg
  </Anchor>
</Box>;
",
  "title": "Sizes",
}
`;

exports[`Site: Anchor Weights 1`] = `
Object {
  "docs": "Anchors can be defined in different font weights.",
  "html": "<div style=\\"display: flex; flex-direction: column\\" class=\\"drac-box\\">
  <a
    href=\\"#\\"
    class=\\"drac-anchor drac-text drac-text-white drac-text-purple--hover drac-mb-sm\\"
    >normal</a
  ><a
    href=\\"#\\"
    class=\\"drac-anchor drac-text drac-text-semibold drac-text-white drac-text-purple--hover drac-mb-sm\\"
    >semibold</a
  ><a
    href=\\"#\\"
    class=\\"drac-anchor drac-text drac-text-bold drac-text-white drac-text-purple--hover drac-mb-sm\\"
    >bold</a
  >
</div>
",
  "react": "<Box style={{ display: \\"flex\\", flexDirection: \\"column\\" }}>
  <Anchor href=\\"#\\" weight=\\"normal\\" mb=\\"sm\\">
    normal
  </Anchor>
  <Anchor href=\\"#\\" weight=\\"semibold\\" mb=\\"sm\\">
    semibold
  </Anchor>
  <Anchor href=\\"#\\" weight=\\"bold\\" mb=\\"sm\\">
    bold
  </Anchor>
</Box>;
",
  "title": "Weights",
}
`;
