// Jest Snapshot v1, https://goo.gl/fbAQLP

exports[`Site: Button Basic Usage 1`] = `
Object {
  "docs": "",
  "html": "<button class=\\"drac-btn drac-bg-purple drac-btn drac-btn\\" color=\\"purple\\">
  Dracula
</button>
",
  "react": "<Button color=\\"purple\\">Dracula</Button>;
",
  "title": "Usage",
}
`;

exports[`Site: Button Colors 1`] = `
Object {
  "docs": "",
  "html": "<div class=\\"drac-box\\">
  <div style=\\"display: flex; justify-content: space-around\\" class=\\"drac-box\\">
    <button
      class=\\"drac-btn drac-bg-white drac-btn drac-btn\\"
      color=\\"white\\"
      style=\\"margin: 1rem\\"
    >
      Normal</button
    ><button
      class=\\"drac-btn drac-bg-white drac-btn-outline drac-btn drac-text-white\\"
      color=\\"white\\"
      style=\\"margin: 1rem\\"
      variant=\\"outline\\"
    >
      Outline</button
    ><button
      class=\\"drac-btn drac-bg-white-transparent drac-btn-ghost drac-btn drac-text-white\\"
      color=\\"white\\"
      style=\\"margin: 1rem\\"
      variant=\\"ghost\\"
    >
      Ghost
    </button>
  </div>
  <div style=\\"display: flex; justify-content: space-around\\" class=\\"drac-box\\">
    <button
      class=\\"drac-btn drac-bg-cyan drac-btn drac-btn\\"
      color=\\"cyan\\"
      style=\\"margin: 1rem\\"
    >
      Normal</button
    ><button
      class=\\"drac-btn drac-bg-cyan drac-btn-outline drac-btn drac-text-cyan\\"
      color=\\"cyan\\"
      style=\\"margin: 1rem\\"
      variant=\\"outline\\"
    >
      Outline</button
    ><button
      class=\\"drac-btn drac-bg-cyan-transparent drac-btn-ghost drac-btn drac-text-cyan\\"
      color=\\"cyan\\"
      style=\\"margin: 1rem\\"
      variant=\\"ghost\\"
    >
      Ghost
    </button>
  </div>
  <div style=\\"display: flex; justify-content: space-around\\" class=\\"drac-box\\">
    <button
      class=\\"drac-btn drac-bg-green drac-btn drac-btn\\"
      color=\\"green\\"
      style=\\"margin: 1rem\\"
    >
      Normal</button
    ><button
      class=\\"drac-btn drac-bg-green drac-btn-outline drac-btn drac-text-green\\"
      color=\\"green\\"
      style=\\"margin: 1rem\\"
      variant=\\"outline\\"
    >
      Outline</button
    ><button
      class=\\"drac-btn drac-bg-green-transparent drac-btn-ghost drac-btn drac-text-green\\"
      color=\\"green\\"
      style=\\"margin: 1rem\\"
      variant=\\"ghost\\"
    >
      Ghost
    </button>
  </div>
  <div style=\\"display: flex; justify-content: space-around\\" class=\\"drac-box\\">
    <button
      class=\\"drac-btn drac-bg-orange drac-btn drac-btn\\"
      color=\\"orange\\"
      style=\\"margin: 1rem\\"
    >
      Normal</button
    ><button
      class=\\"drac-btn drac-bg-orange drac-btn-outline drac-btn drac-text-orange\\"
      color=\\"orange\\"
      style=\\"margin: 1rem\\"
      variant=\\"outline\\"
    >
      Outline</button
    ><button
      class=\\"drac-btn drac-bg-orange-transparent drac-btn-ghost drac-btn drac-text-orange\\"
      color=\\"orange\\"
      style=\\"margin: 1rem\\"
      variant=\\"ghost\\"
    >
      Ghost
    </button>
  </div>
  <div style=\\"display: flex; justify-content: space-around\\" class=\\"drac-box\\">
    <button
      class=\\"drac-btn drac-bg-pink drac-btn drac-btn\\"
      color=\\"pink\\"
      style=\\"margin: 1rem\\"
    >
      Normal</button
    ><button
      class=\\"drac-btn drac-bg-pink drac-btn-outline drac-btn drac-text-pink\\"
      color=\\"pink\\"
      style=\\"margin: 1rem\\"
      variant=\\"outline\\"
    >
      Outline</button
    ><button
      class=\\"drac-btn drac-bg-pink-transparent drac-btn-ghost drac-btn drac-text-pink\\"
      color=\\"pink\\"
      style=\\"margin: 1rem\\"
      variant=\\"ghost\\"
    >
      Ghost
    </button>
  </div>
  <div style=\\"display: flex; justify-content: space-around\\" class=\\"drac-box\\">
    <button
      class=\\"drac-btn drac-bg-purple drac-btn drac-btn\\"
      color=\\"purple\\"
      style=\\"margin: 1rem\\"
    >
      Normal</button
    ><button
      class=\\"drac-btn drac-bg-purple drac-btn-outline drac-btn drac-text-purple\\"
      color=\\"purple\\"
      style=\\"margin: 1rem\\"
      variant=\\"outline\\"
    >
      Outline</button
    ><button
      class=\\"drac-btn drac-bg-purple-transparent drac-btn-ghost drac-btn drac-text-purple\\"
      color=\\"purple\\"
      style=\\"margin: 1rem\\"
      variant=\\"ghost\\"
    >
      Ghost
    </button>
  </div>
  <div style=\\"display: flex; justify-content: space-around\\" class=\\"drac-box\\">
    <button
      class=\\"drac-btn drac-bg-red drac-btn drac-btn\\"
      color=\\"red\\"
      style=\\"margin: 1rem\\"
    >
      Normal</button
    ><button
      class=\\"drac-btn drac-bg-red drac-btn-outline drac-btn drac-text-red\\"
      color=\\"red\\"
      style=\\"margin: 1rem\\"
      variant=\\"outline\\"
    >
      Outline</button
    ><button
      class=\\"drac-btn drac-bg-red-transparent drac-btn-ghost drac-btn drac-text-red\\"
      color=\\"red\\"
      style=\\"margin: 1rem\\"
      variant=\\"ghost\\"
    >
      Ghost
    </button>
  </div>
  <div style=\\"display: flex; justify-content: space-around\\" class=\\"drac-box\\">
    <button
      class=\\"drac-btn drac-bg-yellow drac-btn drac-btn\\"
      color=\\"yellow\\"
      style=\\"margin: 1rem\\"
    >
      Normal</button
    ><button
      class=\\"drac-btn drac-bg-yellow drac-btn-outline drac-btn drac-text-yellow\\"
      color=\\"yellow\\"
      style=\\"margin: 1rem\\"
      variant=\\"outline\\"
    >
      Outline</button
    ><button
      class=\\"drac-btn drac-bg-yellow-transparent drac-btn-ghost drac-btn drac-text-yellow\\"
      color=\\"yellow\\"
      style=\\"margin: 1rem\\"
      variant=\\"ghost\\"
    >
      Ghost
    </button>
  </div>
  <div style=\\"display: flex; justify-content: space-around\\" class=\\"drac-box\\">
    <button
      class=\\"drac-btn drac-bg-purple-cyan drac-btn drac-btn\\"
      color=\\"purpleCyan\\"
      style=\\"margin: 1rem\\"
    >
      Normal</button
    ><button
      class=\\"drac-btn drac-bg-purple-cyan drac-btn-outline drac-btn drac-text-purple-cyan\\"
      color=\\"purpleCyan\\"
      style=\\"margin: 1rem\\"
      variant=\\"outline\\"
    >
      Outline</button
    ><button
      class=\\"drac-btn drac-bg-purple-cyan-transparent drac-btn-ghost drac-btn drac-text-purple-cyan\\"
      color=\\"purpleCyan\\"
      style=\\"margin: 1rem\\"
      variant=\\"ghost\\"
    >
      Ghost
    </button>
  </div>
  <div style=\\"display: flex; justify-content: space-around\\" class=\\"drac-box\\">
    <button
      class=\\"drac-btn drac-bg-yellow-pink drac-btn drac-btn\\"
      color=\\"yellowPink\\"
      style=\\"margin: 1rem\\"
    >
      Normal</button
    ><button
      class=\\"drac-btn drac-bg-yellow-pink drac-btn-outline drac-btn drac-text-yellow-pink\\"
      color=\\"yellowPink\\"
      style=\\"margin: 1rem\\"
      variant=\\"outline\\"
    >
      Outline</button
    ><button
      class=\\"drac-btn drac-bg-yellow-pink-transparent drac-btn-ghost drac-btn drac-text-yellow-pink\\"
      color=\\"yellowPink\\"
      style=\\"margin: 1rem\\"
      variant=\\"ghost\\"
    >
      Ghost
    </button>
  </div>
  <div style=\\"display: flex; justify-content: space-around\\" class=\\"drac-box\\">
    <button
      class=\\"drac-btn drac-bg-cyan-green drac-btn drac-btn\\"
      color=\\"cyanGreen\\"
      style=\\"margin: 1rem\\"
    >
      Normal</button
    ><button
      class=\\"drac-btn drac-bg-cyan-green drac-btn-outline drac-btn drac-text-cyan-green\\"
      color=\\"cyanGreen\\"
      style=\\"margin: 1rem\\"
      variant=\\"outline\\"
    >
      Outline</button
    ><button
      class=\\"drac-btn drac-bg-cyan-green-transparent drac-btn-ghost drac-btn drac-text-cyan-green\\"
      color=\\"cyanGreen\\"
      style=\\"margin: 1rem\\"
      variant=\\"ghost\\"
    >
      Ghost
    </button>
  </div>
  <div style=\\"display: flex; justify-content: space-around\\" class=\\"drac-box\\">
    <button
      class=\\"drac-btn drac-bg-pink-purple drac-btn drac-btn\\"
      color=\\"pinkPurple\\"
      style=\\"margin: 1rem\\"
    >
      Normal</button
    ><button
      class=\\"drac-btn drac-bg-pink-purple drac-btn-outline drac-btn drac-text-pink-purple\\"
      color=\\"pinkPurple\\"
      style=\\"margin: 1rem\\"
      variant=\\"outline\\"
    >
      Outline</button
    ><button
      class=\\"drac-btn drac-bg-pink-purple-transparent drac-btn-ghost drac-btn drac-text-pink-purple\\"
      color=\\"pinkPurple\\"
      style=\\"margin: 1rem\\"
      variant=\\"ghost\\"
    >
      Ghost
    </button>
  </div>
  <div style=\\"display: flex; justify-content: space-around\\" class=\\"drac-box\\">
    <button
      class=\\"drac-btn drac-bg-animated drac-btn drac-btn\\"
      color=\\"animated\\"
      style=\\"margin: 1rem\\"
    >
      Normal</button
    ><button
      class=\\"drac-btn drac-bg-animated drac-btn-outline drac-btn drac-text-animated\\"
      color=\\"animated\\"
      style=\\"margin: 1rem\\"
      variant=\\"outline\\"
    >
      Outline</button
    ><button
      class=\\"drac-btn drac-bg-animated-transparent drac-btn-ghost drac-btn drac-text-animated\\"
      color=\\"animated\\"
      style=\\"margin: 1rem\\"
      variant=\\"ghost\\"
    >
      Ghost
    </button>
  </div>
</div>
",
  "react": "<Box>
  <Box style={{ display: \\"flex\\", justifyContent: \\"space-around\\" }}>
    <Button color=\\"white\\" style={{ margin: \\"1rem\\" }}>
      Normal
    </Button>
    <Button color=\\"white\\" style={{ margin: \\"1rem\\" }} variant=\\"outline\\">
      Outline
    </Button>
    <Button color=\\"white\\" style={{ margin: \\"1rem\\" }} variant=\\"ghost\\">
      Ghost
    </Button>
  </Box>
  <Box style={{ display: \\"flex\\", justifyContent: \\"space-around\\" }}>
    <Button color=\\"cyan\\" style={{ margin: \\"1rem\\" }}>
      Normal
    </Button>
    <Button color=\\"cyan\\" style={{ margin: \\"1rem\\" }} variant=\\"outline\\">
      Outline
    </Button>
    <Button color=\\"cyan\\" style={{ margin: \\"1rem\\" }} variant=\\"ghost\\">
      Ghost
    </Button>
  </Box>
  <Box style={{ display: \\"flex\\", justifyContent: \\"space-around\\" }}>
    <Button color=\\"green\\" style={{ margin: \\"1rem\\" }}>
      Normal
    </Button>
    <Button color=\\"green\\" style={{ margin: \\"1rem\\" }} variant=\\"outline\\">
      Outline
    </Button>
    <Button color=\\"green\\" style={{ margin: \\"1rem\\" }} variant=\\"ghost\\">
      Ghost
    </Button>
  </Box>
  <Box style={{ display: \\"flex\\", justifyContent: \\"space-around\\" }}>
    <Button color=\\"orange\\" style={{ margin: \\"1rem\\" }}>
      Normal
    </Button>
    <Button color=\\"orange\\" style={{ margin: \\"1rem\\" }} variant=\\"outline\\">
      Outline
    </Button>
    <Button color=\\"orange\\" style={{ margin: \\"1rem\\" }} variant=\\"ghost\\">
      Ghost
    </Button>
  </Box>
  <Box style={{ display: \\"flex\\", justifyContent: \\"space-around\\" }}>
    <Button color=\\"pink\\" style={{ margin: \\"1rem\\" }}>
      Normal
    </Button>
    <Button color=\\"pink\\" style={{ margin: \\"1rem\\" }} variant=\\"outline\\">
      Outline
    </Button>
    <Button color=\\"pink\\" style={{ margin: \\"1rem\\" }} variant=\\"ghost\\">
      Ghost
    </Button>
  </Box>
  <Box style={{ display: \\"flex\\", justifyContent: \\"space-around\\" }}>
    <Button color=\\"purple\\" style={{ margin: \\"1rem\\" }}>
      Normal
    </Button>
    <Button color=\\"purple\\" style={{ margin: \\"1rem\\" }} variant=\\"outline\\">
      Outline
    </Button>
    <Button color=\\"purple\\" style={{ margin: \\"1rem\\" }} variant=\\"ghost\\">
      Ghost
    </Button>
  </Box>
  <Box style={{ display: \\"flex\\", justifyContent: \\"space-around\\" }}>
    <Button color=\\"red\\" style={{ margin: \\"1rem\\" }}>
      Normal
    </Button>
    <Button color=\\"red\\" style={{ margin: \\"1rem\\" }} variant=\\"outline\\">
      Outline
    </Button>
    <Button color=\\"red\\" style={{ margin: \\"1rem\\" }} variant=\\"ghost\\">
      Ghost
    </Button>
  </Box>
  <Box style={{ display: \\"flex\\", justifyContent: \\"space-around\\" }}>
    <Button color=\\"yellow\\" style={{ margin: \\"1rem\\" }}>
      Normal
    </Button>
    <Button color=\\"yellow\\" style={{ margin: \\"1rem\\" }} variant=\\"outline\\">
      Outline
    </Button>
    <Button color=\\"yellow\\" style={{ margin: \\"1rem\\" }} variant=\\"ghost\\">
      Ghost
    </Button>
  </Box>
  <Box style={{ display: \\"flex\\", justifyContent: \\"space-around\\" }}>
    <Button color=\\"purpleCyan\\" style={{ margin: \\"1rem\\" }}>
      Normal
    </Button>
    <Button color=\\"purpleCyan\\" style={{ margin: \\"1rem\\" }} variant=\\"outline\\">
      Outline
    </Button>
    <Button color=\\"purpleCyan\\" style={{ margin: \\"1rem\\" }} variant=\\"ghost\\">
      Ghost
    </Button>
  </Box>
  <Box style={{ display: \\"flex\\", justifyContent: \\"space-around\\" }}>
    <Button color=\\"yellowPink\\" style={{ margin: \\"1rem\\" }}>
      Normal
    </Button>
    <Button color=\\"yellowPink\\" style={{ margin: \\"1rem\\" }} variant=\\"outline\\">
      Outline
    </Button>
    <Button color=\\"yellowPink\\" style={{ margin: \\"1rem\\" }} variant=\\"ghost\\">
      Ghost
    </Button>
  </Box>
  <Box style={{ display: \\"flex\\", justifyContent: \\"space-around\\" }}>
    <Button color=\\"cyanGreen\\" style={{ margin: \\"1rem\\" }}>
      Normal
    </Button>
    <Button color=\\"cyanGreen\\" style={{ margin: \\"1rem\\" }} variant=\\"outline\\">
      Outline
    </Button>
    <Button color=\\"cyanGreen\\" style={{ margin: \\"1rem\\" }} variant=\\"ghost\\">
      Ghost
    </Button>
  </Box>
  <Box style={{ display: \\"flex\\", justifyContent: \\"space-around\\" }}>
    <Button color=\\"pinkPurple\\" style={{ margin: \\"1rem\\" }}>
      Normal
    </Button>
    <Button color=\\"pinkPurple\\" style={{ margin: \\"1rem\\" }} variant=\\"outline\\">
      Outline
    </Button>
    <Button color=\\"pinkPurple\\" style={{ margin: \\"1rem\\" }} variant=\\"ghost\\">
      Ghost
    </Button>
  </Box>
  <Box style={{ display: \\"flex\\", justifyContent: \\"space-around\\" }}>
    <Button color=\\"animated\\" style={{ margin: \\"1rem\\" }}>
      Normal
    </Button>
    <Button color=\\"animated\\" style={{ margin: \\"1rem\\" }} variant=\\"outline\\">
      Outline
    </Button>
    <Button color=\\"animated\\" style={{ margin: \\"1rem\\" }} variant=\\"ghost\\">
      Ghost
    </Button>
  </Box>
</Box>;
",
  "title": "Colors",
}
`;

exports[`Site: Button Sizes 1`] = `
Object {
  "docs": "",
  "html": "<div class=\\"drac-box\\">
  <div style=\\"margin-bottom: 10px\\" class=\\"drac-box\\">
    <button class=\\"drac-btn drac-bg-purple drac-btn drac-btn-lg\\" color=\\"purple\\">
      large
    </button>
  </div>
  <div style=\\"margin-bottom: 10px\\" class=\\"drac-box\\">
    <button class=\\"drac-btn drac-bg-purple drac-btn drac-btn\\" color=\\"purple\\">
      medium
    </button>
  </div>
  <div style=\\"margin-bottom: 10px\\" class=\\"drac-box\\">
    <button class=\\"drac-btn drac-bg-purple drac-btn drac-btn-sm\\" color=\\"purple\\">
      small
    </button>
  </div>
  <div style=\\"margin-bottom: 10px\\" class=\\"drac-box\\">
    <button class=\\"drac-btn drac-bg-purple drac-btn drac-btn-xs\\" color=\\"purple\\">
      xsmall
    </button>
  </div>
</div>
",
  "react": "<Box>
  <Box style={{ marginBottom: 10 }}>
    <Button color=\\"purple\\" size=\\"large\\">
      large
    </Button>
  </Box>
  <Box style={{ marginBottom: 10 }}>
    <Button color=\\"purple\\" size=\\"medium\\">
      medium
    </Button>
  </Box>
  <Box style={{ marginBottom: 10 }}>
    <Button color=\\"purple\\" size=\\"small\\">
      small
    </Button>
  </Box>
  <Box style={{ marginBottom: 10 }}>
    <Button color=\\"purple\\" size=\\"xsmall\\">
      xsmall
    </Button>
  </Box>
</Box>;
",
  "title": "Sizes",
}
`;

exports[`Site: Button Variants 1`] = `
Object {
  "docs": "",
  "html": "<div class=\\"drac-box\\">
  <div style=\\"margin-bottom: 10px\\" class=\\"drac-box\\">
    <button
      class=\\"drac-btn drac-bg-purple drac-btn drac-btn\\"
      variant=\\"normal\\"
      color=\\"purple\\"
    >
      normal
    </button>
  </div>
  <div style=\\"margin-bottom: 10px\\" class=\\"drac-box\\">
    <button
      class=\\"drac-btn drac-bg-purple drac-btn-outline drac-btn drac-text-purple\\"
      variant=\\"outline\\"
      color=\\"purple\\"
    >
      outline
    </button>
  </div>
  <div style=\\"margin-bottom: 10px\\" class=\\"drac-box\\">
    <button
      class=\\"drac-btn drac-bg-purple-transparent drac-btn-ghost drac-btn drac-text-purple\\"
      variant=\\"ghost\\"
      color=\\"purple\\"
    >
      ghost
    </button>
  </div>
</div>
",
  "react": "<Box>
  <Box style={{ marginBottom: 10 }}>
    <Button variant=\\"normal\\" color=\\"purple\\">
      normal
    </Button>
  </Box>
  <Box style={{ marginBottom: 10 }}>
    <Button variant=\\"outline\\" color=\\"purple\\">
      outline
    </Button>
  </Box>
  <Box style={{ marginBottom: 10 }}>
    <Button variant=\\"ghost\\" color=\\"purple\\">
      ghost
    </Button>
  </Box>
</Box>;
",
  "title": "Variants",
}
`;
